
> Task :compileJava
./gradlew : C:\Users\milig\OneDrive\Desktop\
SII-ERP-AI\src\main\java\com\casrusil\SII_ER
P_AI\modules\invoicing\domain\service\Invoic
eManagementService.java:8: error: class, 
interface, enum, or record expected
En línea: 1 Carácter: 1
+ ./gradlew test --tests com.casrusil.SII_ER
P_AI.modules.integration_si ...
+ ~~~~~~~~~~~~~~~~~~~~~~~~~~~~~~~~~~~~~~~~~~
~~~~~~~~~~~~~~~~~~~~~~~~~~~
    + CategoryInfo          : NotSpecified: 
    (C:\Users\milig\...record expected:Str  
  ing) [], RemoteException
    + FullyQualifiedErrorId : NativeCommand 
   Error
 
import com.casrusil.SII_ERP_AI.shared.domain
.event.EventPublisher;this.eventPublisher=ev
entPublisher;}
                                            
                      ^
C:\Users\milig\OneDrive\Desktop\SII-ERP-AI\s
rc\main\java\com\casrusil\SII_ERP_AI\modules
\invoicing\domain\service\InvoiceManagementS
ervice.java:8: error: class, interface, 
enum, or record expected
import com.casrusil.SII_ERP_AI.shared.domain
.event.EventPublisher;this.eventPublisher=ev
entPublisher;}
                                            
                                            
             ^
C:\Users\milig\OneDrive\Desktop\SII-ERP-AI\s
rc\main\java\com\casrusil\SII_ERP_AI\modules
\invoicing\domain\service\InvoiceManagementS
ervice.java:25: error: class, interface, 
enum, or record expected
@Override public 
List<Invoice>getInvoicesByCompany(CompanyId 
companyId){return invoiceRepository.findByCo
mpanyId(companyId);}}
                                            
                                            
                                     ^
C:\Users\milig\OneDrive\Desktop\SII-ERP-AI\s
rc\main\java\com\casrusil\SII_ERP_AI\modules
\invoicing\domain\service\InvoiceManagementS
ervice.java:1: error: compact source file 
should not have package declaration
package com.casrusil.SII_ERP_AI.modules.invo
icing.domain.service;
^
4 errors

> Task :compileJava FAILED

[Incubating] Problems report is available at: file:///C:/Users/milig/OneDrive/Desktop/SII-ERP-AI/build/reports/problems/problems-report.html

FAILURE: Build failed with an exception.

* What went wrong:
Execution failed for task ':compileJava'.
> Compilation failed; see the compiler 
output below.
  C:\Users\milig\OneDrive\Desktop\SII-ERP-AI
\src\main\java\com\casrusil\SII_ERP_AI\modul
es\invoicing\domain\service\InvoiceManagemen
tService.java:8: error: class, interface, 
enum, or record expected
  import com.casrusil.SII_ERP_AI.shared.doma
in.event.EventPublisher;this.eventPublisher=
eventPublisher;}
                                            
                        ^
  4 errors

* Try:
> Check your code and dependencies to fix 
the compilation error(s)
> Run with --scan to generate a Build Scan 
(powered by Develocity).

BUILD FAILED in 6s
1 actionable task: 1 executed
